// Jest Snapshot v1, https://goo.gl/fbAQLP

exports[`App should match enzyme shallow snapshot 1`] = `
<Provider
  store={
    Object {
      "dispatch": [Function],
      "getState": [Function],
      "replaceReducer": [Function],
      "subscribe": [Function],
      Symbol(observable): [Function],
    }
  }
>
  <div>
    <h1>
      Hello, React Workspace!
    </h1>
    <FunctionalComponent
      name="Functional Component"
    />
    <ClassComponent
      name="Class Component"
    />
    <Clock />
    <CustomForm />
    <div>
      <Connect(AddTodo) />
      <Connect(TodoList) />
      <Footer />
    </div>
    <Connect(Toggle) />
    <Connect(Calculator) />
    <Connect(PostList) />
  </div>
</Provider>
`;
